node.exe : PASS tests/api-property.test.js
At line:1 char:1
+ & "C:\Program Files\nodejs/node.exe" "C:\Program Files\nodejs/node_mo ...
+ ~~~~~~~~~~~~~~~~~~~~~~~~~~~~~~~~~~~~~~~~~~~~~~~~~~~~~~~~~~~~~~~~~~~~~
    + CategoryInfo          : NotSpecified: (PASS tests/api-property.test.js:S 
   tring) [], RemoteException
    + FullyQualifiedErrorId : NativeCommandError
 
  property-intelligence.js ΓÇö Module Syntax
    ΓêÜ module source parses without errors (15 ms)
    ΓêÜ all utility functions loaded successfully (2 ms)
  Property Intelligence Constants
    ΓêÜ COUNTY_ARCGIS_CONFIG has expected counties (4 ms)
    ΓêÜ each county config has required fields (23 ms)
    ΓêÜ HEATING_MAP has common heating types (1 ms)
    ΓêÜ ROOF_MAP has standard roofing types (4 ms)
    ΓêÜ FOUNDATION_MAP covers common foundations (1 ms)
  fuzzyMapLookup
    ΓêÜ exact match
    ΓêÜ case insensitive match (1 ms)
    ΓêÜ partial match (input contains key) (38 ms)
    ΓêÜ reverse partial match (key contains input) (1 ms)
    ΓêÜ returns null for no match (3 ms)
    ΓêÜ returns null for null/undefined input (1 ms)
    ΓêÜ returns null for non-string input (2 ms)
    ΓêÜ handles whitespace (2 ms)
  parseNum
    ΓêÜ parses integer (1 ms)
    ΓêÜ parses string integer (1 ms)
    ΓêÜ parses string with non-numeric chars (8 ms)
    ΓêÜ parses string with units (1 ms)
    ΓêÜ returns null for null (3 ms)
    ΓêÜ returns null for undefined (2 ms)
    ΓêÜ returns null for non-numeric string
    ΓêÜ returns 0 for numeric 0 (4 ms)
  haversineDistance
    ΓêÜ same point returns 0 (1 ms)
    ΓêÜ approximate Seattle to Portland (~145 miles) (2 ms)
    ΓêÜ nearby points (< 1 mile)
  estimateProtectionClass
    ΓêÜ < 1 mile ΓåÆ class 4
    ΓêÜ 1-2 miles ΓåÆ class 5
    ΓêÜ 2-3 miles ΓåÆ class 6 (1 ms)
    ΓêÜ 3-4 miles ΓåÆ class 7
    ΓêÜ 4-5 miles ΓåÆ class 8
    ΓêÜ 5-7 miles ΓåÆ class 9
    ΓêÜ 7+ miles ΓåÆ class 10 (1 ms)
    ΓêÜ boundary: exactly 1 mile ΓåÆ class 5 (1 ms)
  isRespondingStation
    ΓêÜ accepts regular fire station
    ΓêÜ rejects training center (1 ms)
    ΓêÜ rejects administrative office
    ΓêÜ accepts station with training in name if also has "station"
    ΓêÜ rejects fire prevention office
    ΓêÜ rejects museum (1 ms)
    ΓêÜ handles empty name
    ΓêÜ handles missing name
  classifyStationReliability
    ΓêÜ classifies volunteer station (1 ms)
    ΓêÜ classifies regular station as "responding"
    ΓêÜ classifies admin/training as "review"
    ΓêÜ classifies headquarters as "review" (1 ms)
    ΓêÜ handles empty name as "responding"

PASS tests/phase3.test.js
  Phase 3 - RAG Interpretation Tests
    RAG Data Standardization
      ΓêÜ should standardize string year built to integer (4 ms)
      ΓêÜ should standardize formatted lot size to decimal (1 ms)
      ΓêÜ should standardize formatted square footage to integer
      ΓêÜ should convert all numeric strings to numbers (1 ms)
      ΓêÜ should normalize text fields to consistent case (1 ms)
      ΓêÜ should handle missing/null fields gracefully (1 ms)
    RAG Data Validation
      ΓêÜ should validate year built is within reasonable range (52 ms)
      ΓêÜ should validate lot size is positive (2 ms)
      ΓêÜ should validate square footage is positive and reasonable (1 ms)
      ΓêÜ should validate stories count (1-4) (1 ms)
      ΓêÜ should detect and reject hallucinations (1 ms)
    RAG Confidence Scoring
      ΓêÜ should assign 99% confidence to standardized official data (1 ms)
      ΓêÜ confidence should increase from Phase 1 (95%) to Phase 3 (99%)
      ΓêÜ confidence should be higher than Phase 2 (99% vs 85%) (1 ms)
      ΓêÜ should indicate green checkmark for 99% confidence (38 ms)
    RAG Performance
      ΓêÜ should meet speed target (<1 second) (1 ms)
      ΓêÜ should be faster than Phase 2 (Phase 3: <1s vs Phase 2: 3-5s) (2 ms)
      ΓêÜ total Phase 1 + Phase 3 should be <2 seconds
      ΓêÜ should be fast because it uses Gemini API call
    RAG Data Consistency
      ΓêÜ should produce identical output for same input (1 ms)
      ΓêÜ should maintain data relationships during standardization
      ΓêÜ should preserve data precision where appropriate
    RAG Processing Pipeline
      ΓêÜ should accept raw Phase 1 output (1 ms)
      ΓêÜ should accept raw Phase 2 output
      ΓêÜ should output consistently formatted data (2 ms)
      ΓêÜ should be compatible with Phase 4 vision data merging (1 ms)
      ΓêÜ should be compatible with Phase 5 historical data
    RAG Hallucination Prevention
      ΓêÜ should only output fields that were in input (1 ms)
      ΓêÜ should not invent missing data
      ΓêÜ should not modify values beyond standardization
      ΓêÜ should preserve unusual-but-valid data
    RAG Error Handling
      ΓêÜ should handle empty input gracefully
      ΓêÜ should handle invalid number format gracefully (1 ms)
      ΓêÜ should handle mixed valid/invalid fields (1 ms)
    RAG Integration with Exports
      ΓêÜ RAG output should be compatible with CMSMTF export
      ΓêÜ RAG output should be compatible with XML export (2 ms)
      ΓêÜ RAG output should be compatible with PDF export
    RAG Cost Efficiency
      ΓêÜ should use minimal API calls (single Gemini call)
      ΓêÜ RAG cost should be low relative to overall system (1 ms)
  Phase 3 Batch Processing
    ΓêÜ should standardize batch of addresses efficiently (1 ms)

PASS tests/api-compliance.test.js
  compliance.js ΓÇö Module Syntax
    ΓêÜ module source parses without syntax errors (1 ms)
    ΓêÜ no duplicate function declarations (7 ms)
  calculateDaysUntilExpiration
    ΓêÜ returns positive days for future date
    ΓêÜ returns negative days for past date (1 ms)
    ΓêÜ returns 0 or 1 for today
  getExpirationStatus
    ΓêÜ returns "expired" for negative days (1 ms)
    ΓêÜ returns "critical" for 0-29 days (48 ms)
    ΓêÜ returns "expiring-soon" for 30-59 days (1 ms)
    ΓêÜ returns "active" for 60+ days
  isGeneralLiabilityPolicy
    ΓêÜ matches CGL by type (1 ms)
    ΓêÜ matches General Liability by applicationType
    ΓêÜ matches BOP by type
    ΓêÜ matches GL by loBs code (1 ms)
    ΓêÜ matches when CGL lob is present alongside excluded lob
    ΓêÜ matches by title containing "liability" (1 ms)
    ΓêÜ rejects prospect status (1 ms)
    ΓêÜ rejects cancelled status
    ΓêÜ rejects auto policy by type (2 ms)
    ΓêÜ rejects homeowners by title (1 ms)
    ΓêÜ rejects CA-prefixed policy number
    ΓêÜ rejects HO-prefixed policy number (5 ms)
    ΓêÜ rejects workers comp by type (1 ms)
    ΓêÜ rejects policy with only excluded loBs (1 ms)
    ΓêÜ handles empty/missing fields gracefully
  isSuretyBondPolicy
    ΓêÜ matches surety by type
    ΓêÜ matches bond by title
    ΓêÜ matches by loBs code "SURE"
    ΓêÜ matches by loBs code "SB"
    ΓêÜ matches by applicationType containing "fidelity"
    ΓêÜ matches by policy number prefix SB (1 ms)
    ΓêÜ matches by policy number prefix BOND (1 ms)
    ΓêÜ rejects prospect status (1 ms)
    ΓêÜ rejects cancelled status
    ΓêÜ rejects non-bond policy (1 ms)
    ΓêÜ rejects policy with no matching fields (6 ms)
  requiresManualVerification
    ΓêÜ returns true for Hiscox (45 ms)
    ΓêÜ returns true for HCC Surety (1 ms)
    ΓêÜ returns true for BTIS
    ΓêÜ returns true for IES (case insensitive)
    ΓêÜ returns false for syncing carriers (1 ms)
    ΓêÜ NON_SYNCING_CARRIERS has expected entries (3 ms)
  isCommercialPolicy
    ΓêÜ matches CGL policy (1 ms)
    ΓêÜ matches BOP policy (1 ms)
    ΓêÜ matches commercial auto by loBs AUTOB
    ΓêÜ matches workers comp by type (1 ms)
    ΓêÜ matches commercial package by loBs CPKGE
    ΓêÜ matches surety bond
    ΓêÜ matches commercial umbrella
    ΓêÜ matches inland marine
    ΓêÜ matches professional liability (E&O)
    ΓêÜ matches commercial property (4 ms)
    ΓêÜ rejects homeowners policy
    ΓêÜ rejects personal auto
    ΓêÜ rejects renters policy (2 ms)
    ΓêÜ rejects HO-prefixed policy number (1 ms)
    ΓêÜ rejects prospect status (1 ms)
    ΓêÜ rejects cancelled status
    ΓêÜ handles empty/missing fields gracefully (2 ms)
  getCommercialPolicyType
    ΓêÜ returns "cgl" for CGL policy (15 ms)
    ΓêÜ returns "bond" for surety bond (1 ms)
    ΓêÜ returns "auto" for AUTOB lob (57 ms)
    ΓêÜ returns "wc" for workers comp (1 ms)
    ΓêÜ returns "pkg" for commercial package
    ΓêÜ returns "umbrella" for commercial umbrella (1 ms)
    ΓêÜ returns "eo" for professional liability (3 ms)
    ΓêÜ returns "bop" for BOP with no GL indicators (1 ms)
    ΓêÜ returns "property" for commercial property (1 ms)
    ΓêÜ returns "cyber" for cyber liability
    ΓêÜ returns "im" for inland marine (1 ms)
    ΓêÜ returns type for generic commercial (2 ms)
  compliance.js ΓÇö Handler Structure
    ΓêÜ handler is exported via securityMiddleware (1 ms)
    ΓêÜ business logic is imported from _compliance-utils.js (1 ms)
    ΓêÜ CORS/OPTIONS is handled by securityMiddleware (1 ms)
    ΓêÜ handler returns 500 when credentials are missing (1 ms)
    ΓêÜ response includes success, count, policies, metadata fields (1 ms)
    ΓêÜ metadata includes timing and aggregate counts (2 ms)
    ΓêÜ policies sorted by daysUntilExpiration (most urgent first) (1 ms)
    ΓêÜ compliancePolicy object has all required fields (23 ms)
    ΓêÜ handler skips policies without expiration date (1 ms)
    ΓêÜ handler skips policies expired more than 30 days ago
    ΓêÜ uses parallel batch processing for client fetches (25 ms)
    ΓêÜ builds Basic Auth header from credentials
    ΓêÜ searches 3 years back
    ΓêÜ catches and returns 500 on unexpected errors

PASS tests/server.test.js
  MIME Type Mapping
    ΓêÜ has correct MIME type for .html (2 ms)
    ΓêÜ has correct MIME type for .css (1 ms)
    ΓêÜ has correct MIME type for .js (2 ms)
    ΓêÜ has correct MIME type for .json (1 ms)
    ΓêÜ has correct MIME type for .png
    ΓêÜ has correct MIME type for .svg (1 ms)
    ΓêÜ has correct MIME type for .pdf (1 ms)
    ΓêÜ has correct MIME type for .xml
    ΓêÜ has correct MIME type for .woff2 (1 ms)
    ΓêÜ covers all common web file types (4 ms)
  server.js ΓÇö Module Syntax
    ΓêÜ server source has no obvious syntax errors (2 ms)
    ΓêÜ uses ESM imports (not CommonJS require) (1 ms)
    ΓêÜ defines PORT with fallback to 8000 (20 ms)
  Path Traversal Protection
    ΓêÜ serveStatic checks path does not escape project root
    ΓêÜ serveStatic returns 403 for traversal attempts
    ΓêÜ blocks dotfiles and hidden directories
    ΓêÜ blocks sensitive directories (1 ms)
  .env Loading
    ΓêÜ loadEnv handles missing .env file gracefully (1 ms)
    ΓêÜ loadEnv skips empty lines and comments (1 ms)
    ΓêÜ loadEnv handles key=value pairs with equals sign
    ΓêÜ loadEnv sets process.env (5 ms)
  API Route Handling
    ΓêÜ handleApiRoute maps /api/compliance to ./api/compliance.js
    ΓêÜ returns 404 for missing API files (37 ms)
    ΓêÜ returns 500 when handler has no default export (1 ms)
    ΓêÜ builds mock req with method, url, headers, query, body (2 ms)
    ΓêÜ reads POST/PUT body and attempts JSON parse
  Local-only Endpoints
    ΓêÜ restricts /local/* to loopback IPs (1 ms)
    ΓêÜ has /local/cgl-state endpoint
    ΓêÜ has /local/cgl-cache endpoint (2 ms)
    ΓêÜ has /local/export-history endpoint
    ΓêÜ has /local/scan-history endpoint (55 ms)
    ΓêÜ has /local/email-drafts endpoint
    ΓêÜ has /local/quickref-cards endpoint (1 ms)
    ΓêÜ has /local/hawksoft-export endpoint
    ΓêÜ has /local/trust-report endpoint
    ΓêÜ has /local/ezlynx-schema endpoint (1 ms)
    ΓêÜ has /local/ezlynx-fill endpoint
    ΓêÜ export-history caps at 200 entries (37 ms)
    ΓêÜ readBody has default 1MB size limit (1 ms)
    ΓêÜ cgl-cache allows 5MB body
    ΓêÜ returns 413 for oversized payloads (2 ms)
  CORS & Security Headers
    ΓêÜ sets X-Content-Type-Options: nosniff (1 ms)
    ΓêÜ sets X-Frame-Options: SAMEORIGIN (1 ms)
    ΓêÜ sets Access-Control-Allow-Methods
    ΓêÜ sets Access-Control-Allow-Headers (1 ms)
    ΓêÜ handles OPTIONS preflight with 200 (1 ms)
    ΓêÜ restricts allowed origins to localhost (16 ms)
  Static File Serving
    ΓêÜ serves index.html for root path (9 ms)
    ΓêÜ falls back to index.html for SPA routing (47 ms)
    ΓêÜ sets no-cache header for static files (1 ms)
    ΓêÜ falls back to application/octet-stream for unknown extensions
  Python Integration
    ΓêÜ prefers venv Python over system Python (1 ms)
    ΓêÜ sanitizes output filenames
    ΓêÜ hawksoft-export checks script exists before spawning
    ΓêÜ trust-report checks input file exists (1 ms)
    ΓêÜ ezlynx-fill cleans up temp file after process exits
    ΓêÜ ezlynx-schema reports status with dropdownCount (1 ms)
  Server Startup
    ΓêÜ detects HawkSoft credentials from env (9 ms)
    ΓêÜ detects Gemini API key from env
    ΓêÜ listens on configured PORT (1 ms)

PASS tests/phase2.test.js
  Phase 2 - Browser Scraping Tests
    Snohomish County, WA - Phase 2 Primary Tests
      ΓêÜ should trigger Phase 2 for unsupported county (Snohomish) (49 ms)
      ΓêÜ should retrieve data via browser scraping for Snohomish County (25 
ms)
      ΓêÜ should validate data quality is reasonable (85% confidence) (3 ms)
      ΓêÜ should meet speed target (3-5 seconds) (14 ms)
      ΓêÜ should handle browser scraping timeouts gracefully (12 ms)
    Thurston County, WA - Phase 2 Tests
      ΓêÜ should retrieve data for Thurston County address (2 ms)
      ΓêÜ should validate government hub property characteristics (1 ms)
    Lane County, OR - Phase 2 Tests
      ΓêÜ should retrieve data for Lane County address (1 ms)
      ΓêÜ should handle university town market dynamics (32 ms)
    Marion County, OR - Phase 2 Tests
      ΓêÜ should retrieve data for Marion County address
      ΓêÜ should reflect state capital market stability
    Pinal County, AZ - Phase 2 Out-of-State Tests
      ΓêÜ should handle out-of-state Arizona property (65 ms)
      ΓêÜ should account for regional differences (larger lots)
      ΓêÜ should extract pool presence from Arizona property (1 ms)
    Phase 2 Confidence Scoring
      ΓêÜ all Phase 2 fallback counties should return 85% confidence (4 ms)
      ΓêÜ confidence should be lower than Phase 1 (85% vs 95%) (2 ms)
      ΓêÜ Phase 2 data should be flagged with yellow warning indicator
    Phase 2 Performance
      ΓêÜ all Phase 2 addresses should meet speed target (3-5 seconds) (1 ms)
      ΓêÜ Phase 2 should be slower than Phase 1 (3-5s vs <1s)
      ΓêÜ should include browser launch and navigation overhead (1 ms)
    Phase 2 Data Extraction
      ΓêÜ should extract parcel data from county website HTML (4 ms)
      ΓêÜ should handle missing/partial data gracefully (2 ms)
      ΓêÜ should normalize extracted data to consistent format
    Phase 2 Error Handling
      ΓêÜ should timeout gracefully after 5 seconds (1 ms)
      ΓêÜ should handle website structure changes (1 ms)
      ΓêÜ should detect and report rate limiting (37 ms)
      ΓêÜ should handle JavaScript-rendered content (3 ms)
    Phase 2 Fallback Chain
      ΓêÜ Phase 2 failure should trigger Phase 4 (Vision/Satellite) (7 ms)
      ΓêÜ unsupported county flow: Phase 1 ΓåÆ Phase 2 ΓåÆ Phase 4 chain (3 ms)
    Phase 2 Integration
      ΓêÜ Phase 2 data should be compatible with Phase 3 standardization (7 ms)
      ΓêÜ Phase 2 data should be exportable in all formats (55 ms)
      ΓêÜ combined Phase 1+2 coverage should span all tested counties (140 ms)
    Phase 2 Regional Variations
      ΓêÜ should handle regional market differences (WA vs OR vs AZ) (1 ms)
      ΓêÜ Arizona properties should reflect different construction patterns
  Phase 2 Performance Tracking
    ΓêÜ should log browser session metrics
    ΓêÜ should track cost of browser compute

PASS tests/integration.test.js
  Integration - Phase 1 ΓåÆ 3 (ArcGIS to RAG)
    ΓêÜ should flow data from Phase 1 to Phase 3 without loss (9 ms)
    ΓêÜ should preserve data integrity through standardization (2 ms)
    ΓêÜ Phase 1 + Phase 3 total processing time <2 seconds
    ΓêÜ should validate complete data after Phase 1+3 (1 ms)
    ΓêÜ should format data correctly for export after Phase 1+3 (1 ms)
  Integration - Phase 1 ΓåÆ 2 ΓåÆ 3 (Fallback Chain)
    ΓêÜ should fallback from Phase 1 to Phase 2 automatically (13 ms)
    ΓêÜ should pass Phase 2 output to Phase 3 (1 ms)
    ΓêÜ complete fallback chain Phase 1 ΓåÆ 2 ΓåÆ 3 timing (2 ms)
    ΓêÜ should handle Phase 2 timeout and continue (2 ms)
    ΓêÜ should merge fallback chain results properly (1 ms)
  Integration - With Phase 4 (Vision)
    ΓêÜ should optionally add Phase 4 data to Phase 1+3
    ΓêÜ should NOT downgrade confidence if Phase 4 unavailable
    ΓêÜ Phase 1 + Phase 4 total time <5 seconds (4 ms)
    ΓêÜ should merge Phase 4 vision data without data loss
  Integration - With Phase 5 (Historical)
    ΓêÜ should optionally add Phase 5 data to Phase 1+3 (1 ms)
    ΓêÜ should use highest confidence score in merged data (9 ms)
    ΓêÜ Phase 1 + Phase 5 total time <5 seconds (37 ms)
  Integration - Complete Workflow (All Phases)
    ΓêÜ should execute Phase 1 ΓåÆ 3 ΓåÆ 4 ΓåÆ 5 workflow (1 ms)
    ΓêÜ should merge data from all phases (3 ms)
    ΓêÜ should preserve confidence hierarchy in merged data (24 ms)
    ΓêÜ complete workflow timing should be <10 seconds (2 ms)
    ΓêÜ should export merged data to all three formats (2 ms)
  Integration - Error Handling Across Phases
    ΓêÜ should handle Phase 1 failure and fallback to Phase 2 (2 ms)
    ΓêÜ should handle timeout in fallback chain (1 ms)
    ΓêÜ should gracefully skip optional phases on failure (1 ms)
    ΓêÜ should provide meaningful error messages to user
  Integration - Export Compatibility
    ΓêÜ merged data should be compatible with CMSMTF export
    ΓêÜ merged data should be compatible with XML export
    ΓêÜ merged data should be compatible with PDF export
  Integration - Real Address Test Cases
    ΓêÜ should process Clark County, WA address through full workflow
    ΓêÜ should process Snohomish County (fallback) through Phase 2ΓåÆ3

PASS tests/phase4.test.js
  Phase 4 - Vision Processing Tests
    Vision Property Image Analysis
      ΓêÜ should analyze roof photo and extract characteristics (3 ms)
      ΓêÜ should detect roof condition level (1 ms)
      ΓêÜ should estimate roof age from visual characteristics (1 ms)
      ΓêÜ should identify roof color (1 ms)
      ΓêÜ should analyze foundation characteristics from image (2 ms)
      ΓêÜ should detect exterior damage or maintenance needs (2 ms)
    Vision PDF Document Analysis
      ΓêÜ should extract year built from tax document (2 ms)
      ΓêÜ should extract square footage from property document
      ΓêÜ should extract assessed value from tax document (2 ms)
      ΓêÜ should handle multi-page PDF documents
      ΓêÜ should handle scanned/image-based PDFs via OCR
    Vision Satellite Image Analysis
      ΓêÜ should analyze satellite image for hazard detection (2 ms)
      ΓêÜ should estimate lot characteristics from aerial view (1 ms)
      ΓêÜ should identify environmental features (1 ms)
      ΓêÜ should assess property accessibility from road (11 ms)
    Vision Processing Confidence Levels
      ΓêÜ should assign appropriate confidence based on image quality (1 ms)
      ΓêÜ should be lower than Phase 1/3 but higher than Phase 2
      ΓêÜ PDF extraction confidence should be slightly lower than image (1 ms)
      ΓêÜ satellite confidence should be lowest of Phase 4
    Vision Processing Performance
      ΓêÜ should process image in <3 seconds
      ΓêÜ should process PDF in <5 seconds (1 ms)
      ΓêÜ should analyze satellite image in <3 seconds (2 ms)
      ΓêÜ total Phase 1 + Phase 4 should not exceed 5 seconds (4 ms)
      ΓêÜ should handle timeout gracefully (2 ms)
    Vision Error Handling
      ΓêÜ should handle missing/invalid image gracefully (1 ms)
      ΓêÜ should handle corrupted PDF gracefully (1 ms)
      ΓêÜ should handle low-quality satellite image (1 ms)
      ΓêÜ should detect and report API overload (17 ms)
    Vision Data Integration
      ΓêÜ should merge vision data with Phase 1/3 data (1 ms)
      ΓêÜ vision data should be optional (form works without it)
      ΓêÜ should handle multiple vision images (1 ms)
    Vision Cost Tracking
      ΓêÜ should track cost of image processing
      ΓêÜ total Phase 4 cost should be minimal (1 ms)
    Phase 4 Test Data from Fixtures
      ΓêÜ should have vision test data configured (1 ms)
      ΓêÜ should validate roof photo test case (3 ms)
      ΓêÜ should validate PDF extraction test case (1 ms)
  Phase 4 Batch Vision Processing
    ΓêÜ should process multiple images efficiently
    ΓêÜ should handle partial vision processing failures

PASS tests/api-security.test.js
  _security.js ΓÇö Module Syntax
    ΓêÜ module source parses without errors (2 ms)
  sanitizeInput
    ΓêÜ trims whitespace (1 ms)
    ΓêÜ truncates to maxLength
    ΓêÜ truncates to custom maxLength (3 ms)
    ΓêÜ strips angle brackets (XSS prevention) (1 ms)
    ΓêÜ returns empty string for non-string input (2 ms)
    ΓêÜ handles empty string
    ΓêÜ preserves normal text including special characters
  validateEmail
    ΓêÜ accepts valid email
    ΓêÜ accepts email with subdomain
    ΓêÜ accepts email with plus addressing (1 ms)
    ΓêÜ rejects missing @
    ΓêÜ rejects missing domain (1 ms)
    ΓêÜ rejects missing TLD
    ΓêÜ rejects empty string
    ΓêÜ rejects null/undefined (1 ms)
    ΓêÜ rejects non-string (1 ms)
    ΓêÜ rejects overly long email (255+)
  validatePhone
    ΓêÜ accepts 10-digit phone (1 ms)
    ΓêÜ accepts formatted US phone (1 ms)
    ΓêÜ accepts phone with country code
    ΓêÜ accepts international phone (15 digits) (1 ms)
    ΓêÜ rejects too short (< 10 digits)
    ΓêÜ rejects too long (> 15 digits) (1 ms)
    ΓêÜ rejects empty string
    ΓêÜ rejects null/undefined (1 ms)
    ΓêÜ rejects non-string (1 ms)
  validateSSN
    ΓêÜ accepts valid SSN with dashes (12 ms)
    ΓêÜ accepts valid SSN without dashes (1 ms)
    ΓêÜ rejects area 000 (1 ms)
    ΓêÜ rejects area 666 (1 ms)
    ΓêÜ rejects ITIN (area 900+) (2 ms)
    ΓêÜ rejects group 00
    ΓêÜ rejects serial 0000 (1 ms)
    ΓêÜ rejects all-same-digit pattern
    ΓêÜ rejects too short (1 ms)
    ΓêÜ rejects empty string (1 ms)
    ΓêÜ rejects null/undefined (14 ms)
    ΓêÜ rejects non-string (1 ms)
  validateZip
    ΓêÜ accepts 5-digit ZIP
    ΓêÜ accepts ZIP+4 format (1 ms)
    ΓêÜ rejects ZIP with letters
    ΓêÜ rejects 4-digit ZIP
    ΓêÜ rejects 6-digit ZIP
    ΓêÜ rejects empty string (1 ms)
    ΓêÜ rejects null/undefined

PASS tests/phase5.test.js
  Phase 5 - Historical Analysis Tests
    Historical Property Value Analysis
      ΓêÜ should retrieve 10+ years of property value history (1 ms)
      ΓêÜ should extract assessed value from historical records (1 ms)
      ΓêÜ should handle missing years in value history
      ΓêÜ should validate value progression is reasonable (1 ms)
    Market Comparison Analysis
      ΓêÜ should compare property to neighborhood average
      ΓêÜ should calculate value per square foot
      ΓêÜ should compare price per sqft to neighborhood
      ΓêÜ should identify outliers in neighborhood
    Insurance Trend Analysis
      ΓêÜ should retrieve homeowners insurance trends
      ΓêÜ should calculate insurance premium increase rate
      ΓêÜ should identify regional insurance trends
      ΓêÜ should track claims frequency trends
      ΓêÜ should flag high-risk insurance areas (1 ms)
    Historical Analysis Confidence Levels
      ΓêÜ should have moderate confidence (70-80%) (1 ms)
      ΓêÜ should be lower than Phases 1/3/4
      ΓêÜ confidence should vary by data completeness
      ΓêÜ older records should have lower confidence
    Historical Analysis Performance
      ΓêÜ should retrieve history data in <3 seconds
      ΓêÜ should handle large datasets efficiently (1 ms)
      ΓêÜ total Phase 1 + Phase 5 should not exceed 5 seconds (5 ms)
    Historical Data Error Handling
      ΓêÜ should handle missing historical data gracefully (1 ms)
      ΓêÜ should handle data quality issues
      ΓêÜ should handle API timeout gracefully
      ΓêÜ should validate returned data is reasonable
    Historical Data Integration
      ΓêÜ should merge historical data with current property data
      ΓêÜ should calculate current appreciation multiple (1 ms)
      ΓêÜ historical data should be optional
    Risk Factor Analysis from History
      ΓêÜ should identify declining property values (15 ms)
      ΓêÜ should flag volatility in value changes
      ΓêÜ should identify rapid appreciation
    Phase 5 Test Data from Fixtures
      ΓêÜ should have historical test data configured
      ΓêÜ should validate value history test case
      ΓêÜ should validate insurance trend test case
  Phase 5 Batch Historical Processing
    ΓêÜ should process multiple properties historical data efficiently (17 ms)
    ΓêÜ should handle partial historical processing failures (12 ms)
  Historical Cost Tracking
    ΓêÜ should track cost of historical data retrieval (2 ms)

PASS tests/ai-router.test.js
  _ai-router.js ΓÇö Module Syntax
    ΓêÜ extractJSON and createRouter loaded successfully (1 ms)
  extractJSON ΓÇö type safety
    ΓêÜ returns null for null input
    ΓêÜ returns null for undefined input (1 ms)
    ΓêÜ returns null for empty string
    ΓêÜ returns null for numeric input (no .trim method) (1 ms)
    ΓêÜ returns null for boolean input
    ΓêÜ returns null for plain object input (the askWithSearch bug) (1 ms)
    ΓêÜ returns null for array input
  extractJSON ΓÇö valid string parsing
    ΓêÜ parses clean JSON object
    ΓêÜ parses clean JSON array (2 ms)
    ΓêÜ parses markdown-fenced JSON (1 ms)
    ΓêÜ parses fenced without json label (1 ms)
    ΓêÜ extracts JSON embedded in prose text
    ΓêÜ handles trailing commas (1 ms)
    ΓêÜ handles whitespace around JSON
    ΓêÜ returns null for non-JSON string
    ΓêÜ handles nested JSON objects (6 ms)
    ΓêÜ handles JSON with escaped quotes in strings (1 ms)
  createRouter ΓÇö return shape
    ΓêÜ returns object with ask, askVision, askWithSearch methods (1 ms)
    ΓêÜ exposes provider and model info (1 ms)
    ΓêÜ defaults to google provider when no settings
    ΓêÜ does not leak API key (returns boolean) (1 ms)
    ΓêÜ sets correct default models per provider
    ΓêÜ isGoogle flag correctly set (1 ms)
  askWithSearch ΓÇö return contract
    ΓêÜ askWithSearch throws when no API key configured (17 ms)
    ΓêÜ askWithSearch is documented to return { text, grounded } object (16 ms)
    ΓêÜ callers must destructure .text from askWithSearch result (1 ms)

PASS tests/api-prospect.test.js
  prospect-lookup.js ΓÇö Module Syntax
    ΓêÜ helper functions loaded successfully (21 ms)
    ΓêÜ no duplicate function declarations in helpers (5 ms)
  parseViolations
    ΓêÜ parses raw violation records (4 ms)
    ΓêÜ returns "Pending" for non-abated violations (2 ms)
    ΓêÜ returns empty array for null input (4 ms)
    ΓêÜ returns empty array for non-array
    ΓêÜ handles missing fields gracefully (1 ms)
  parseInspections
    ΓêÜ parses raw OSHA inspection data (4 ms)
    ΓêÜ marks open cases (no case_mod_date) as Open
    ΓêÜ returns empty array for null input (2 ms)
  calculateSummary
    ΓêÜ returns zero-summary for empty input (14 ms)
    ΓêÜ returns zero-summary for null
    ΓêÜ counts violations by type (6 ms)
    ΓêÜ tracks latest inspection date (2 ms)
    ΓêÜ handles inspections with no violations array (3 ms)
  parseWASOSHTML
    ΓêÜ extracts fields from WA SOS HTML (2 ms)
    ΓêÜ falls back to parameters when HTML has no matches (1 ms)
    ΓêÜ handles empty HTML (1 ms)
    ΓêÜ returns expected structure fields (5 ms)

PASS tests/phase1.test.js
  Phase 1 - ArcGIS API Tests
    Clark County, WA - Phase 1 Core Tests
      ΓêÜ should retrieve parcel data for Clark County address (Primary test 
case) (1 ms)
      ΓêÜ should validate parcel ID format (1 ms)
      ΓêÜ should validate year built is reasonable (1800-2026) (5 ms)
      ΓêÜ should validate lot size is positive and reasonable (1 ms)
      ΓêÜ should validate square footage is positive (1 ms)
      ΓêÜ should validate stories count is 1-4
      ΓêÜ should return 95% confidence for ArcGIS data
      ΓêÜ should meet speed target (<1 second)
    King County, WA - Phase 1 Secondary Tests
      ΓêÜ should retrieve data for King County address (1 ms)
      ΓêÜ should validate high-value King County property
      ΓêÜ should show appreciation rate above county average (9 ms)
    Pierce County, WA - Phase 1 Tests
      ΓêÜ should retrieve data for Pierce County address (10 ms)
      ΓêÜ should validate mid-range property values (1 ms)
    Multnomah County, OR - Phase 1 Tests
      ΓêÜ should retrieve data for Multnomah County address (2 ms)
      ΓêÜ should handle gentrifying neighborhoods with higher appreciation
    Phase 1 Error Handling
      ΓêÜ should return null for unsupported county (Snohomish) (66 ms)
      ΓêÜ should handle invalid address gracefully (1 ms)
      ΓêÜ should require complete address information
    Phase 1 Data Consistency
      ΓêÜ should return consistent data across multiple requests (1 ms)
      ΓêÜ should validate data relationships (e.g., stories < 5) (3 ms)
      ΓêÜ should validate mutual consistency of parcel data (3 ms)
    Phase 1 Confidence Scoring
      ΓêÜ all Phase 1 supported counties should return 95% confidence (12 ms)
      ΓêÜ unsupported counties should have null Phase 1 confidence (2 ms)
    Phase 1 Performance
      ΓêÜ all Phase 1 supported county addresses should meet speed target
      ΓêÜ should validate speed is faster than Phase 2 (1 ms)
    Phase 1 Fallback Chain
      ΓêÜ Phase 1 failure should trigger Phase 3 RAG processing
      ΓêÜ unsupported county should fallback from Phase 1 to Phase 2
  Phase 1 Integration
    ΓêÜ Phase 1 data should be compatible with Phase 3 standardization (1 ms)
    ΓêÜ Phase 1 data should be exportable in all formats (49 ms)

PASS tests/prospect-client.test.js (7.081 s)
  ProspectInvestigator ΓÇö Module Load
    ΓêÜ ProspectInvestigator is defined on window (15 ms)
    ΓêÜ exposes required public API (2 ms)
  Prospect ΓÇö _extractStateFromAddress (source verification)
    ΓêÜ source contains _extractStateFromAddress function (4 ms)
    ΓêÜ source contains _validatePlacesState function (1 ms)
    ΓêÜ _validatePlacesState is called in selectBusiness (15 ms)
    ΓêÜ _validatePlacesState is called in investigateManual (2 ms)
  _extractStateFromAddress ΓÇö logic
    ΓêÜ extracts WA from standard US address (1 ms)
    ΓêÜ extracts NC from formatted address
    ΓêÜ extracts OR from Oregon address
    ΓêÜ extracts CA from California address (1 ms)
    ΓêÜ returns empty string for null/undefined (2 ms)
    ΓêÜ returns empty string for address without state code (1 ms)
  _validatePlacesState ΓÇö logic
    ΓêÜ discards Places data when state mismatches
    ΓêÜ keeps Places data when state matches
    ΓêÜ does nothing when Places data is not available
    ΓêÜ does nothing when no address in Places profile (4 ms)
    ΓêÜ does nothing when no expected state (1 ms)
    ΓêÜ handles null/undefined gracefully (1 ms)
  Prospect ΓÇö address priority
    ΓêÜ L&I/SOS addresses are preferred over Google Places in _displayResults 
(4 ms)
  Prospect ΓÇö candidate collection
    ΓêÜ _collectCandidates handles empty data sources (3 ms)
    ΓêÜ _deduplicateCandidates sorts state-matching results first (2 ms)
    ΓêÜ Google Places candidates include stateMatch flag (3 ms)
  prospect-lookup.js ΓÇö _extractStateFromAddress
    ΓêÜ function loaded (1 ms)
    ΓêÜ extracts WA from Google formatted address
    ΓêÜ extracts NC from out-of-state address
    ΓêÜ extracts SC (1 ms)
    ΓêÜ returns empty string for empty/null input
    ΓêÜ returns empty string for non-US address format (1 ms)
  prospect-lookup.js ΓÇö _extractCityFromAddress
    ΓêÜ function loaded
    ΓêÜ extracts city from standard US address
    ΓêÜ extracts city from WA address (1 ms)
    ΓêÜ returns empty string for empty input

PASS tests/performance.test.js
  Performance - Phase Timing Benchmarks
    ΓêÜ Phase 1 (ArcGIS) should complete in <1 second (14 ms)
    ΓêÜ Phase 2 (Browser) should complete in 3-5 seconds (2 ms)
    ΓêÜ Phase 3 (RAG) should complete in <1 second (1 ms)
    ΓêÜ Phase 4 (Vision) should complete in 2-3 seconds
    ΓêÜ Phase 5 (Historical) should complete in 2-3 seconds
    ΓêÜ Phase 1 ΓåÆ 3 should total <2 seconds (1 ms)
    ΓêÜ Phase 1 ΓåÆ 2 ΓåÆ 3 fallback should total <6 seconds
    ΓêÜ Full workflow Phase 1 ΓåÆ 3 ΓåÆ 4 ΓåÆ 5 should total <10 seconds
    ΓêÜ should detect Phase 2 timeout after 5 seconds (1 ms)
    ΓêÜ timeout should trigger fallback mechanism (3 ms)
  Performance - Throughput (Batch Processing)
    ΓêÜ should process 10 addresses in <30 seconds using Phase 1 (1 ms)
    ΓêÜ should process 10 addresses in <60 seconds including Phase 3
    ΓêÜ should not significantly degrade with batch size increase (1 ms)
    ΓêÜ should maintain stable response time per address
  Performance - Cost Tracking
    ΓêÜ Phase 1 (ArcGIS) cost should be minimal (3 ms)
    ΓêÜ Phase 2 (Browser) cost should be very low (1 ms)
    ΓêÜ Phase 3 (Gemini) cost should be low (10 ms)
    ΓêÜ Phase 4 (Vision) cost should be under 0.001 per call (3 ms)
    ΓêÜ Phase 5 (Historical) cost should be very low (1 ms)
    ΓêÜ complete Phase 1 ΓåÆ 3 ΓåÆ 4 ΓåÆ 5 cost should be <0.01 per address 
(11 ms)
    ΓêÜ processing 100 addresses should cost <$1
    ΓêÜ processing 1000 addresses should cost <$10 (1 ms)
    ΓêÜ should track API call costs for billing (2 ms)
  Performance - Memory Usage
    ΓêÜ should not accumulate memory with batch processing
    ΓêÜ should garbage collect between batches (1 ms)
  Performance - Concurrent Processing
    ΓêÜ should handle 3 concurrent Phase 1 calls (1 ms)
    ΓêÜ should handle 2 concurrent Phase 4 (Vision) calls (1 ms)
    ΓêÜ should not exceed API rate limits with batch processing
    ΓêÜ should queue requests if approaching rate limits
  Performance - Network Latency Impact
    ΓêÜ network delay should not exceed 50% of total time (1 ms)
    ΓêÜ should retry on network timeout
    ΓêÜ exponential backoff should cap at reasonable time
  Performance - Regression Detection
    ΓêÜ should establish Phase 1 baseline (<1 second) (1 ms)
    ΓêÜ should detect 10% performance regression
    ΓêÜ should flag 15% performance regression (1 ms)
    ΓêÜ should track performance trends over time
  Performance - Load Testing
    ΓêÜ should handle 100 addresses in <2 minutes
    ΓêÜ should handle 1000 addresses in <20 minutes
    ΓêÜ should gracefully degrade under heavy load (1 ms)
    ΓêÜ should queue excess load instead of rejecting
  Performance - Cache Effectiveness
    ΓêÜ caching same address should be instant (1 ms)
    ΓêÜ cache hit ratio should be 20-30% in typical use
    ΓêÜ cached addresses should save 90% of time per request
  Performance - Real Address Benchmarks
    ΓêÜ Clark County address should process in <1 second
    ΓêÜ Snohomish County (fallback) should process in <5 seconds
    ΓêÜ multiple county types should average <1.5 seconds

PASS tests/app.test.js (16.893 s)
  Altech App Tests
    Data Validation
      ΓêÜ normalizeDate returns correct ISO date (30 ms)
      ΓêÜ sanitizeFilename removes invalid characters
    Workflows
      ΓêÜ workflows object has home, auto, both (2 ms)
      ΓêÜ home workflow skips step-4 (vehicles) (1 ms)
      ΓêÜ auto workflow skips step-3 (property) (1 ms)
      ΓêÜ both workflow includes all steps (1 ms)
      ΓêÜ handleType sets flow for auto (434 ms)
      ΓêÜ handleType sets flow for home (261 ms)
    LocalStorage Operations
      ΓêÜ save writes to localStorage (5 ms)
      ΓêÜ load reads from localStorage
      ΓêÜ applyData sets App.data and populates form fields (361 ms)
      ΓêÜ setFieldValue updates both DOM and App.data (1 ms)
      ΓêÜ setFieldValue handles missing element gracefully (1 ms)
    CMSMTF Export
      ΓêÜ buildCMSMTF returns correct structure (2 ms)
      ΓêÜ buildCMSMTF filename includes lastName (1 ms)
      ΓêÜ buildCMSMTF content uses [TAG]value format (1 ms)
      ΓêÜ buildCMSMTF includes property fields (1 ms)
      ΓêÜ buildCMSMTF includes auto fields
      ΓêÜ buildCMSMTF strips phone formatting (1 ms)
      ΓêÜ buildCMSMTF filters out empty fields
      ΓêÜ buildCMSMTF handles empty data (1 ms)
    CSV Export
      ΓêÜ getCSVHeaders returns expected headers (1 ms)
      ΓêÜ buildCSV returns correct structure (2 ms)
      ΓêÜ buildCSV content includes header row and data row
    Text Export
      ΓêÜ buildText returns content and filename (2 ms)
      ΓêÜ buildText includes client profile data (1 ms)
    Quote Library
      ΓêÜ saveQuote stores in separate localStorage key
      ΓêÜ getQuoteTitle builds formatted title (1 ms)
      ΓêÜ getQuoteTitle handles missing names (48 ms)
    Address Parsing
      ΓêÜ parseStreetAddress separates number and name
      ΓêÜ parseStreetAddress handles no number (1 ms)
    Vehicle Parsing
      ΓêÜ parseVehicleDescription extracts year, make, model (1 ms)
      ΓêÜ parseVehicleDescription handles lowercase (1 ms)
    County Lookup
      ΓêÜ getCountyFromCity returns Clark for Vancouver, WA (1 ms)
      ΓêÜ getCountyFromCity returns King for Seattle, WA
      ΓêÜ getCountyFromCity returns Multnomah for Portland, OR (1 ms)
      ΓêÜ getCountyFromCity is case-insensitive (17 ms)
      ΓêÜ getCountyFromCity returns null for unknown city (1 ms)
      ΓêÜ getCountyFromCity returns null for empty input (3 ms)
    Phone Formatting
      ΓêÜ fmtPhone formats 10-digit number
      ΓêÜ fmtPhone formats partial number (1 ms)
      ΓêÜ fmtPhone strips non-digits
    CSV Parsing
      ΓêÜ parseCSV parses simple CSV (2 ms)
      ΓêÜ parseCSV handles quoted fields with commas (2 ms)
      ΓêÜ parseCSV handles empty input (1 ms)
      ΓêÜ parseCSV handles null input (1 ms)
      ΓêÜ mapCsvRowToData maps standard headers (1 ms)
    Driver Management
      ΓêÜ addDriver creates a new driver record (77 ms)
      ΓêÜ removeDriver removes by ID (143 ms)
      ΓêÜ updateDriver updates a specific field (139 ms)
      ΓêÜ addDriver includes isCoApplicant: false by default (205 ms)
      ΓêÜ updateDriver blocks locked fields on synced co-applicant driver (7 
ms)
    Co-Applicant Driver Sync
      ΓêÜ syncCoApplicantToDriver creates a synced driver (224 ms)
      ΓêÜ syncCoApplicantToDriver updates existing synced driver without 
duplicating (432 ms)
      ΓêÜ toggleCoApplicant off removes the synced driver (372 ms)
      ΓêÜ removeDriver for synced driver unchecks co-applicant (326 ms)
      ΓêÜ synced driver preserves non-locked fields (372 ms)
    Vehicle Management
      ΓêÜ addVehicle creates a new vehicle record (28 ms)
      ΓêÜ removeVehicle removes by ID (77 ms)
      ΓêÜ updateVehicle updates a specific field (46 ms)
    Date Formatting
      ΓêÜ formatDateDisplay returns MM-DD-YYYY format (1 ms)
      ΓêÜ formatDateDisplay handles empty input
      ΓêÜ formatDateDisplay handles invalid date (1 ms)
    Notes Generation
      ΓêÜ getNotesForData returns comprehensive string (1 ms)
      ΓêÜ getNotesForData handles empty data (2 ms)
    Edge Cases
      ΓêÜ buildCMSMTF handles undefined fields gracefully (1 ms)
      ΓêÜ buildCMSMTF does not have XSS or injection risk (1 ms)
      ΓêÜ applyData handles null gracefully (745 ms)
      ΓêÜ applyData handles empty object (1138 ms)
    App Configuration
      ΓêÜ stepTitles defined for all steps (2 ms)
      ΓêÜ toolNames defined for all tools (1 ms)
      ΓêÜ storageKey is altech_v6 (1 ms)
    Resolve Driver Name
      ΓêÜ resolveDriverName returns full name (1 ms)
      ΓêÜ resolveDriverName returns empty for unknown ID (4 ms)
    Toast Notifications
      ΓêÜ toast function exists and does not throw (2 ms)
    Auto-Fill Indicators
      ΓêÜ markAutoFilled adds CSS class (20 ms)
      ΓêÜ clearAutoFilledIndicator removes CSS class (6 ms)
      ΓêÜ markAutoFilled handles null element (2 ms)
    Quote Library Extended
      ΓêÜ getQuotes returns empty array when nothing stored (2 ms)
      ΓêÜ saveQuotes then getQuotes round-trip preserves data (3 ms)
      ΓêÜ deleteQuote removes the correct quote (2 ms)
      ΓêÜ loadQuote calls applyData with correct data (906 ms)
      ΓêÜ loadQuote does nothing for nonexistent ID (1 ms)
      ΓêÜ getQuoteTitle formats lastName, firstName correctly (2 ms)
      ΓêÜ getQuoteTitle with only firstName
      ΓêÜ getQuoteMeta returns formatted date string (5 ms)
      ΓêÜ getQuotes handles corrupted JSON gracefully (1 ms)
      ΓêÜ autoSaveCurrentQuote creates current_draft entry (1 ms)
      ΓêÜ autoSaveCurrentQuote replaces previous auto-save (2 ms)
    Navigation
      ΓêÜ navigateTo function exists (1 ms)
      ΓêÜ navigateTo ignores unknown tool names (1 ms)
      ΓêÜ goHome function exists
      ΓêÜ goHome hides all plugin containers (535 ms)
      ΓêÜ goHome shows landing page (395 ms)
      ΓêÜ navigateTo quoting shows quoting tool (619 ms)
      ΓêÜ navigateTo hides landing page (65 ms)
      ΓêÜ updateBreadcrumb function exists (1 ms)
    Step Navigation
      ΓêÜ next function exists
      ΓêÜ prev function exists (1 ms)
      ΓêÜ updateUI function exists
      ΓêÜ step starts at 0 (1 ms)
      ΓêÜ init function exists (1 ms)
    Export Wrappers
      ΓêÜ exportCMSMTF function exists (1 ms)
      ΓêÜ buildPDF function exists (1 ms)
      ΓêÜ buildCMSMTF with full data returns content and filename (1 ms)
      ΓêÜ buildText with full data includes key fields (1 ms)
    Form Storage Consistency
      ΓêÜ storageKey matches expected value
      ΓêÜ quotesKey exists for quote library
      ΓêÜ applyData then buildCMSMTF produces consistent output (374 ms)
      ΓêÜ applyData updates DOM fields (278 ms)
      ΓêÜ save persists data to localStorage (417 ms)
      ΓêÜ load function exists and is callable (1 ms)
    CMSMTF Export Advanced
      ΓêÜ buildCMSMTF includes email field (1 ms)
      ΓêÜ buildCMSMTF with auto data includes vehicle info
      ΓêÜ buildCMSMTF with minimal data still produces output
      ΓêÜ buildCMSMTF output uses [TAG]value format
    Workflow Integrity
      ΓêÜ all workflow arrays start with step-0 (1 ms)
      ΓêÜ all workflow arrays end with step-6
      ΓêÜ all workflow arrays include step-1 and step-2 (1 ms)
      ΓêÜ all workflow arrays include step-5 (review) (1 ms)
      ΓêÜ home workflow step count is correct
      ΓêÜ auto workflow step count is correct (1 ms)
      ΓêÜ both workflow is superset of home and auto (1 ms)
    Tool Configuration
      ΓêÜ toolNames has entries for all major tools (1 ms)
      ΓêÜ stepTitles covers steps 0-6 (1 ms)
      ΓêÜ each step has a non-empty title (1 ms)
    County Assessor URLs
      ΓêÜ all county URLs are valid HTTP(S) URLs (6 ms)
      ΓêÜ no county URL contains known dead domains (65 ms)
      ΓêÜ no county URL ends with bare domain (should have path) (9 ms)
      ΓêÜ openPropertyRecords and openGIS use same URLs for same cities (3 ms)
      ΓêÜ openPropertyRecords copies address to clipboard (2 ms)
      openPropertyRecords opens correct assessor site
        ΓêÜ Vancouver, WA ΓåÆ Clark County assessor (3 ms)
        ΓêÜ Camas, WA ΓåÆ Clark County assessor (2 ms)
        ΓêÜ Seattle, WA ΓåÆ King County assessor (1 ms)
        ΓêÜ Bellevue, WA ΓåÆ King County assessor (1 ms)
        ΓêÜ Tacoma, WA ΓåÆ Pierce County assessor (2 ms)
        ΓêÜ Puyallup, WA ΓåÆ Pierce County assessor (1 ms)
        ΓêÜ Everett, WA ΓåÆ Snohomish County assessor (1 ms)
        ΓêÜ Lynnwood, WA ΓåÆ Snohomish County assessor
        ΓêÜ Spokane, WA ΓåÆ Spokane County assessor (2 ms)
        ΓêÜ Bremerton, WA ΓåÆ Kitsap County assessor (2 ms)
        ΓêÜ Olympia, WA ΓåÆ Thurston County assessor
        ΓêÜ Bellingham, WA ΓåÆ Whatcom County assessor (1 ms)
        ΓêÜ Yakima, WA ΓåÆ Yakima County assessor (1 ms)
        ΓêÜ Longview, WA ΓåÆ Cowlitz County assessor (1 ms)
        ΓêÜ Portland, OR ΓåÆ Multnomah County assessor
        ΓêÜ Beaverton, OR ΓåÆ Washington County assessor (1 ms)
        ΓêÜ Hillsboro, OR ΓåÆ Washington County assessor (2 ms)
        ΓêÜ Happy Valley, OR ΓåÆ Clackamas County assessor (2 ms)
        ΓêÜ Oregon City, OR ΓåÆ Clackamas County assessor (2 ms)
        ΓêÜ Eugene, OR ΓåÆ Lane County assessor (1 ms)
        ΓêÜ Salem, OR ΓåÆ Marion County assessor (1 ms)
        ΓêÜ Bend, OR ΓåÆ Deschutes County assessor
        ΓêÜ Medford, OR ΓåÆ Jackson County assessor (1 ms)
        ΓêÜ Albany, OR ΓåÆ Linn County assessor
        ΓêÜ Roseburg, OR ΓåÆ Douglas County assessor (1 ms)
        ΓêÜ Phoenix, AZ ΓåÆ Maricopa County assessor (1 ms)
        ΓêÜ Mesa, AZ ΓåÆ Maricopa County assessor (1 ms)
        ΓêÜ Tucson, AZ ΓåÆ Pima County assessor
        ΓêÜ Casa Grande, AZ ΓåÆ Pinal County assessor (1 ms)
        ΓêÜ Prescott, AZ ΓåÆ Yavapai County assessor (1 ms)
        ΓêÜ Flagstaff, AZ ΓåÆ Coconino County assessor (1 ms)
        ΓêÜ Lake Havasu City, AZ ΓåÆ Mohave County assessor (1 ms)
        ΓêÜ Yuma, AZ ΓåÆ Yuma County assessor
        ΓêÜ unmapped WA city falls back to state assessor directory (1 ms)
        ΓêÜ unmapped OR city falls back to state assessor directory (1 ms)
        ΓêÜ unmapped AZ city falls back to state assessor directory (2 ms)
        ΓêÜ unknown state falls back to Google search (3 ms)
        ΓêÜ missing address shows alert, does not open URL (3 ms)
      openGIS opens correct assessor site
        ΓêÜ openGIS: Vancouver, WA ΓåÆ correct URL (3 ms)
        ΓêÜ openGIS: Seattle, WA ΓåÆ correct URL (3 ms)
        ΓêÜ openGIS: Tacoma, WA ΓåÆ correct URL (2 ms)
        ΓêÜ openGIS: Portland, OR ΓåÆ correct URL (1 ms)
        ΓêÜ openGIS: Beaverton, OR ΓåÆ correct URL (1 ms)
        ΓêÜ openGIS: Happy Valley, OR ΓåÆ correct URL (1 ms)
        ΓêÜ openGIS: Phoenix, AZ ΓåÆ correct URL (1 ms)
        ΓêÜ openGIS: Tucson, AZ ΓåÆ correct URL
        ΓêÜ openGIS: Prescott, AZ ΓåÆ correct URL (1 ms)
    Robustness
      ΓêÜ toast handles empty message without throwing (1 ms)
      ΓêÜ applyData with special characters does not corrupt state (367 ms)

PASS tests/plugin-integration.test.js (61.413 s)
  Plugin Registry & Tool Config
    ΓêÜ App.toolConfig is defined and is an array (42 ms)
    ΓêÜ tool "quoting" is registered in toolConfig (1 ms)
    ΓêÜ tool "qna" is registered in toolConfig (9 ms)
    ΓêÜ tool "quotecompare" is registered in toolConfig (1 ms)
    ΓêÜ tool "coi" is registered in toolConfig (3 ms)
    ΓêÜ tool "compliance" is registered in toolConfig (1 ms)
    ΓêÜ tool "prospect" is registered in toolConfig (2 ms)
    ΓêÜ tool "email" is registered in toolConfig (6 ms)
    ΓêÜ tool "accounting" is registered in toolConfig (1 ms)
    ΓêÜ tool "quickref" is registered in toolConfig
    ΓêÜ tool "ezlynx" is registered in toolConfig
    ΓêÜ tool "quoting" has a DOM container #quotingTool (1 ms)
    ΓêÜ tool "qna" has a DOM container #qnaTool
    ΓêÜ tool "quotecompare" has a DOM container #quoteCompareTool (1 ms)
    ΓêÜ tool "coi" has a DOM container #coiTool
    ΓêÜ tool "compliance" has a DOM container #complianceTool (1 ms)
    ΓêÜ tool "prospect" has a DOM container #prospectTool
    ΓêÜ tool "email" has a DOM container #emailTool
    ΓêÜ tool "accounting" has a DOM container #accountingTool
    ΓêÜ tool "quickref" has a DOM container #quickrefTool
    ΓêÜ tool "ezlynx" has a DOM container #ezlynxTool
    ΓêÜ every toolConfig entry has required fields (22 ms)
    ΓêÜ no duplicate tool keys (1 ms)
    ΓêÜ no duplicate container IDs
  Window Module Exports (window.X = X pattern)
    ΓêÜ window.COI is defined (1 ms)
    ΓêÜ window.PolicyQA is defined (1 ms)
    ΓêÜ window.QuoteCompare is defined
    ΓêÜ window.ComplianceDashboard is defined
    ΓêÜ window.ProspectInvestigator is defined
    ΓêÜ window.EmailComposer is defined (1 ms)
    ΓêÜ window.AccountingExport is defined
    ΓêÜ window.QuickRef is defined
    ΓêÜ window.EZLynxTool is defined (1 ms)
    ΓêÜ window.COI has init() method
    ΓêÜ window.PolicyQA has init() method (1 ms)
    ΓêÜ window.QuoteCompare has init() method (1 ms)
    ΓêÜ window.ComplianceDashboard has init() method
    ΓêÜ window.ProspectInvestigator has init() method (1 ms)
    ΓêÜ window.EmailComposer has init() method
    ΓêÜ window.AccountingExport has init() method (1 ms)
    ΓêÜ window.QuickRef has init() method
    ΓêÜ window.EZLynxTool has init() method (1 ms)
  Plugin init() calls do not throw
    ΓêÜ COI.init() does not throw (15 ms)
    ΓêÜ EmailComposer.init() does not throw (90 ms)
    ΓêÜ QuickRef.init() does not throw (70 ms)
    ΓêÜ AccountingExport.init() does not throw (4 ms)
    ΓêÜ EZLynxTool.init() does not throw (15 ms)
  navigateTo() Router
    ΓêÜ navigateTo exists and is a function (3 ms)
    ΓêÜ navigateTo with unknown tool does nothing (no throw) (1 ms)
    ΓêÜ navigateTo hides landing page (1 ms)
    ΓêÜ navigateTo shows target container (1200 ms)
  API Endpoint Files Exist
    ΓêÜ api/config.js exists (2 ms)
    ΓêÜ api/compliance.js exists (1 ms)
    ΓêÜ api/kv-store.js exists
    ΓêÜ api/prospect-lookup.js exists (1 ms)
    ΓêÜ api/policy-scan.js exists
    ΓêÜ api/vision-processor.js exists (1 ms)
    ΓêÜ api/rag-interpreter.js exists
    ΓêÜ api/historical-analyzer.js exists (1 ms)
    ΓêÜ api/stripe.js exists
    ΓêÜ api/property-intelligence.js exists (1 ms)
    ΓêÜ api/config.js uses ESM export default (15 ms)
    ΓêÜ api/compliance.js uses ESM export default (1 ms)
    ΓêÜ api/kv-store.js uses ESM export default (1 ms)
    ΓêÜ api/prospect-lookup.js uses ESM export default (1 ms)
    ΓêÜ api/policy-scan.js uses ESM export default (1 ms)
    ΓêÜ api/vision-processor.js uses ESM export default (1 ms)
    ΓêÜ api/rag-interpreter.js uses ESM export default (2 ms)
    ΓêÜ api/historical-analyzer.js uses ESM export default (1 ms)
    ΓêÜ api/stripe.js uses ESM export default (1 ms)
    ΓêÜ api/property-intelligence.js uses ESM export default (3 ms)
    ΓêÜ lib/security.js exists and uses named exports (4 ms)
    ΓêÜ lib/compliance-utils.js exists and uses named exports (1 ms)
  JS Module Files
    ΓêÜ js/coi.js exists
    ΓêÜ js/prospect.js exists (1 ms)
    ΓêÜ js/compliance-dashboard.js exists
    ΓêÜ js/policy-qa.js exists (1 ms)
    ΓêÜ js/email-composer.js exists
    ΓêÜ js/quick-ref.js exists (1 ms)
    ΓêÜ js/accounting-export.js exists
    ΓêÜ js/ezlynx-tool.js exists
    ΓêÜ js/quote-compare.js exists (1 ms)
    ΓêÜ js/data-backup.js exists
    ΓêÜ js/crypto-helper.js exists (2 ms)
    ΓêÜ js/coi.js has window.COI = COI (2 ms)
    ΓêÜ js/prospect.js has window.ProspectInvestigator = ProspectInvestigator 
(2 ms)
    ΓêÜ js/compliance-dashboard.js has window.ComplianceDashboard = 
ComplianceDashboard (1 ms)
    ΓêÜ js/policy-qa.js has window.PolicyQA = PolicyQA (1 ms)
    ΓêÜ js/email-composer.js has window.EmailComposer = EmailComposer
    ΓêÜ js/quick-ref.js has window.QuickRef = QuickRef (1 ms)
    ΓêÜ js/accounting-export.js has window.AccountingExport = AccountingExport 
(1 ms)
    ΓêÜ js/ezlynx-tool.js has window.EZLynxTool = EZLynxTool (1 ms)
    ΓêÜ js/quote-compare.js has window.QuoteCompare = QuoteCompare (1 ms)
  Gemini API Key Discovery (correctness)
    ΓêÜ App._getGeminiKey fetches /api/config?type=keys and reads geminiKey (2 
ms)
    ΓêÜ PolicyQA resolveGeminiKey fetches /api/config?type=keys first (1 ms)
    ΓêÜ EmailComposer resolveGeminiKey fetches /api/config?type=keys (1 ms)
    ΓêÜ QuoteCompare getApiKey fetches /api/config?type=keys (2 ms)
    ΓêÜ config.js serves both PLACES_API_KEY and GOOGLE_API_KEY (1 ms)
    ΓêÜ serverless function count stays within Vercel Hobby limit (max 12) (3 
ms)
  API Env Var Trimming
    ΓêÜ api/compliance.js trims env vars: ["HAWKSOFT_CLIENT_ID", 
"HAWKSOFT_CLIENT_SECRET", "HAWKSOFT_AGENCY_ID"] (2 ms)
    ΓêÜ api/config.js trims env vars: ["PLACES_API_KEY", "GOOGLE_API_KEY"] (2 
ms)
    ΓêÜ api/vision-processor.js trims env vars: ["GOOGLE_API_KEY"]
    ΓêÜ api/_ai-router.js trims env vars: ["GOOGLE_API_KEY"] (2 ms)
    ΓêÜ api/policy-scan.js trims env vars: ["GOOGLE_API_KEY"] (1 ms)
    ΓêÜ api/config.js trims env vars: ["GOOGLE_API_KEY"]
    ΓêÜ api/property-intelligence.js trims env vars: ["GOOGLE_API_KEY"] (1 ms)
    ΓêÜ api/historical-analyzer.js delegates env var handling to _ai-router.js 
(4 ms)
    ΓêÜ api/rag-interpreter.js delegates env var handling to _ai-router.js
  Hash Router
    ΓêÜ hashchange listener is registered (4 ms)
    ΓêÜ goHome function exists on App (3795 ms)
    ΓêÜ hash #home triggers goHome (not navigateTo) (1 ms)
  Graceful Degradation for /local/ endpoints
    ΓêÜ js/compliance-dashboard.js wraps /local/ calls in try-catch (2 ms)
    ΓêÜ js/email-composer.js wraps /local/ calls in try-catch (1 ms)
    ΓêÜ js/quick-ref.js wraps /local/ calls in try-catch (2 ms)
    ΓêÜ js/accounting-export.js wraps /local/ calls in try-catch (1 ms)
    ΓêÜ js/policy-qa.js wraps /local/ calls in try-catch (2 ms)
  SSE EventSource Vercel Safety
    ΓêÜ ComplianceDashboard guards EventSource with isLocal check (4 ms)
  Script Load Order
    ΓêÜ crypto-helper.js is loaded before main script block (1 ms)
    ΓêÜ all JS module scripts are loaded after main script block (2 ms)
    ΓêÜ data-backup.js is loaded last (needs all other modules) (2 ms)
  Export Engines Present
    ΓêÜ exportCMSMTF function exists (1 ms)
    ΓêÜ exportPDF function exists (1 ms)
  Workflow Integrity
    ΓêÜ workflows object has home, auto, both (5 ms)
    ΓêÜ home workflow skips step-4 (vehicles) (1 ms)
    ΓêÜ auto workflow skips step-3 (property) (1 ms)
    ΓêÜ both workflow includes step-3 and step-4 (1 ms)
  localStorage Key Stability
    ΓêÜ storage key is altech_v6 (not incremented) (1 ms)
    ΓêÜ quotes storage key is altech_v6_quotes (1 ms)
  12-Column Grid Layout
    ΓêÜ grid-12 CSS class is defined with 12-column template (2 ms)
    ΓêÜ span utility classes exist (span-4, span-6, span-8) (2 ms)
    ΓêÜ grid-12 has responsive fallback for mobile (3 ms)
  Roof Section Grid
    ΓêÜ Roof Type uses span-8 in grid-12 (4 ms)
    ΓêÜ Roof Shape uses span-4 in grid-12 (1 ms)
    ΓêÜ Year Roof Updated uses span-4 in grid-12 (1 ms)
  Systems Section Grid
    ΓêÜ Heating Type uses span-6 in grid-12 (3 ms)
    ΓêÜ Cooling System uses span-6 in grid-12 (13 ms)
  Progressive Disclosure: Secondary Heating
    ΓêÜ hasSecondaryHeating checkbox exists (2 ms)
    ΓêÜ secondaryHeating dropdown exists in DOM (not removed) (1 ms)
    ΓêÜ secondary heating wrapper is hidden by default (1 ms)
    ΓêÜ disclosure-hidden CSS class uses display:none (2 ms)
    ΓêÜ checking toggle reveals secondary heating (JS handler exists) (1 ms)
    ΓêÜ secondaryHeating value persists in App.data even when hidden (1 ms)
    ΓêÜ syncSegmentedControls restores disclosure state from saved data (1 ms)
  iOS Toggle Switches
    ΓêÜ equipmentBreakdown has toggle switch (data-toggle-field) (117 ms)
    ΓêÜ serviceLine has toggle switch (data-toggle-field) (152 ms)
    ΓêÜ earthquakeCoverage has toggle switch (data-toggle-field) (72 ms)
    ΓêÜ equipmentBreakdown hidden input exists for data binding (3 ms)
    ΓêÜ serviceLine hidden input exists for data binding (1 ms)
    ΓêÜ earthquakeCoverage hidden input exists for data binding
    ΓêÜ toggle-switch CSS is defined (3 ms)
    ΓêÜ no seg-group elements remain in endorsements (all converted to 
toggles) (82 ms)
  Home Coverage Grid
    ΓêÜ grid-2-full CSS class is defined with correct columns and gap (4 ms)
    ΓêÜ full-span CSS class spans both columns (1 ms)
    ΓêÜ homePolicyType is inside a full-span wrapper within grid-2-full (3 ms)
    ΓêÜ dwellingCoverage is inside a full-span wrapper within grid-2-full (1 
ms)
    ΓêÜ mortgagee is inside a full-span wrapper within grid-2-full (2 ms)
    ΓêÜ personalLiability and medicalPayments are siblings without full-span 
(2 ms)
    ΓêÜ homeDeductible and windDeductible are siblings without full-span (3 ms)
    ΓêÜ all Home Coverage fields live in a single grid-2-full container (15 ms)
  Home Endorsements Layout
    ΓêÜ all endorsement dropdowns live in one grid-2-full container (7 ms)
    ΓêÜ moldDamage is full-span within the endorsement grid (1 ms)
    ΓêÜ toggle-grid-3 CSS class is defined (1 ms)
    ΓêÜ toggle-card CSS class is defined with flex layout (1 ms)
    ΓêÜ all 3 toggles are inside toggle-card elements within toggle-grid-3 (8 
ms)
    ΓêÜ all 3 toggle-cards share the same toggle-grid-3 parent (3 ms)
    ΓêÜ no toggle-row elements remain in endorsements (87 ms)
    ΓêÜ earthquakeDetailsWrapper exists and is hidden by default (1 ms)
    ΓêÜ earthquake zone and deductible selects are inside the disclosure 
wrapper (1 ms)
    ΓêÜ earthquake disclosure wrapper contains a grid-2-full (1 ms)
    ΓêÜ earthquake toggle-field change handler is wired (JS source check) (2 
ms)
    ΓêÜ syncSegmentedControls restores earthquake disclosure state (2 ms)
    ΓêÜ toggle-grid-3 has responsive fallback for mobile (1 ms)
  About You Grid Layout
    ΓêÜ all About You fields live in a single grid-2-full container (5 ms)
    ΓêÜ firstName appears before prefix in DOM order (1 ms)
    ΓêÜ all co-applicant fields live in a single grid-2-full container (3 ms)
    ΓêÜ About You and co-applicant use separate grid-2-full containers (1 ms)

PASS tests/ezlynx-pipeline.test.js (61.098 s)
  EZLynx Pipeline ΓÇö ┬º1 getFormData() key mapping via loadDemo
    ΓêÜ personal fields from demo (72 ms)
    ΓêÜ auto policy fields from demo (30 ms)
    ΓêÜ driver/vehicle fields from demo (29 ms)
    ΓêÜ home dwelling fields from demo (21 ms)
    ΓêÜ home coverage fields from demo (47 ms)
    ΓêÜ empty fields excluded from output (12 ms)
    ΓêÜ whitespace-only fields excluded (10 ms)
  EZLynx Pipeline ΓÇö ┬º2 loadFromIntake() round-trip
    ΓêÜ personal text fields round-trip (37 ms)
    ΓêÜ personal select fields round-trip (41 ms)
    ΓêÜ auto policy fields round-trip (29 ms)
    ΓêÜ driver fields round-trip (28 ms)
    ΓêÜ vehicle fields round-trip (25 ms)
    ΓêÜ home dwelling fields round-trip (27 ms)
    ΓêÜ home coverage fields round-trip (27 ms)
  EZLynx Pipeline ΓÇö ┬º3 pass-through fields from App.data
    ΓêÜ Prefix and Suffix (10 ms)
    ΓêÜ auto policy extras (9 ms)
    ΓêÜ home property extras (7 ms)
    ΓêÜ home hazard toggles (14 ms)
    ΓêÜ endorsements (12 ms)
    ΓêÜ contact preferences (14 ms)
    ΓêÜ additional insureds (10 ms)
    ΓêÜ home prior liability (11 ms)
  EZLynx Pipeline ΓÇö ┬º4 CoApplicant object
    ΓêÜ CoApplicant built from driver with isCoApplicant flag (16 ms)
    ΓêÜ CoApplicant absent when no driver has isCoApplicant (10 ms)
    ΓêÜ CoApplicant Email/Phone from App.data coEmail/coPhone (9 ms)
  EZLynx Pipeline ΓÇö ┬º5 Drivers[] and Vehicles[]
    ΓêÜ Drivers array includes all drivers with correct structure (18 ms)
    ΓêÜ Vehicles array includes all vehicles with correct structure (8 ms)
    ΓêÜ Drivers absent when empty (9 ms)
    ΓêÜ Vehicles absent when empty (7 ms)
  EZLynx Pipeline ΓÇö ┬º6 Incidents array
    ΓêÜ Incidents array included when incidents exist (17 ms)
    ΓêÜ Incidents absent when none (9 ms)
  EZLynx Pipeline ΓÇö ┬º7 date formatting & ZIP
    ΓêÜ _fmtDateForEZ converts YYYY-MM-DD ΓåÆ MM/DD/YYYY (1 ms)
    ΓêÜ _fmtDateForEZ passes through non-ISO dates
    ΓêÜ _fmtDateForEZ handles empty/null/undefined (1 ms)
    ΓêÜ ZIP truncated to 5 digits in getFormData (10 ms)
    ΓêÜ ZIP already 5 digits is unchanged (12 ms)
    ΓêÜ Vehicle garaging ZIP truncated to 5 digits (3620 ms)
  EZLynx Pipeline ΓÇö ┬º8 extension field coverage
    ΓêÜ every core EZ key has an extension mapping (5 ms)
    ΓêÜ extension has text field selectors for text-input fields (1 ms)
    ΓêÜ extension has dropdown labels for select fields
    ΓêÜ extension has toggle mappings for Yes/No fields
    ΓêÜ Industry fills BEFORE Occupation in DROPDOWN_PRIORITY (1 ms)
    ΓêÜ State fills BEFORE County in DROPDOWN_PRIORITY
    ΓêÜ extension handles CoApplicant injection (1 ms)
    ΓêÜ extension has page-aware field activation
    ΓêÜ extension has state abbreviation expansion (1 ms)
    ΓêÜ extension has fuzzy matching for dropdowns (1 ms)
  EZLynx Pipeline ΓÇö ┬º9 Driver object fields
    ΓêÜ driver object has all expected keys (12 ms)
    ΓêÜ gender M/F expanded to Male/Female (1 ms)
  EZLynx Pipeline ΓÇö ┬º10 Vehicle object fields
    ΓêÜ vehicle object has all expected keys (15 ms)
    ΓêÜ Ownership uses ownershipType not ownership (2 ms)
  EZLynx Pipeline ΓÇö ┬º11 loadFromIntake() text input mappings
    ΓêÜ App.data.firstName ΓåÆ ezFirstName (23 ms)
    ΓêÜ App.data.lastName ΓåÆ ezLastName (21 ms)
    ΓêÜ App.data.middleName ΓåÆ ezMiddleName (31 ms)
    ΓêÜ App.data.email ΓåÆ ezEmail (17 ms)
    ΓêÜ App.data.phone ΓåÆ ezPhone (20 ms)
    ΓêÜ App.data.addrStreet ΓåÆ ezAddress (20 ms)
    ΓêÜ App.data.addrCity ΓåÆ ezCity (20 ms)
    ΓêÜ App.data.county ΓåÆ ezCounty (16 ms)
    ΓêÜ dob maps with YYYY-MM-DD ΓåÆ MM/DD/YYYY formatting (16 ms)
    ΓêÜ gender MΓåÆMale and FΓåÆFemale for ezGender select (46 ms)
    ΓêÜ driver dlNum ΓåÆ ezLicenseNumber (23 ms)
    ΓêÜ driver dlState ΓåÆ ezDLState, ageLicensed ΓåÆ ezAgeLicensed (35 ms)
    ΓêÜ vehicle text fields: vin, year, make, model, miles (24 ms)
    ΓêÜ vehicle select fields: use ΓåÆ ezVehicleUse, ownershipType ΓåÆ 
ezOwnershipType (32 ms)
    ΓêÜ numOccupants maps to BOTH ezNumResidents AND ezNumOccupants (27 ms)
    ΓêÜ ZIP+4 truncated to 5 digits on load (16 ms)
    ΓêÜ occupation populates dynamically after industry is set (36 ms)
  EZLynx Pipeline ΓÇö ┬º12 loadFromIntake() select mappings
    ΓêÜ App.data.addrState=WA ΓåÆ ezState (37 ms)
    ΓêÜ App.data.addrState=OR ΓåÆ ezState (13 ms)
    ΓêÜ App.data.yearsAtAddress=5 ΓåÆ ezYearsAtAddress (23 ms)
    ΓêÜ App.data.policyTerm=12 Month ΓåÆ ezPolicyTerm (39 ms)
    ΓêÜ App.data.policyTerm=6 Month ΓåÆ ezPolicyTerm (18 ms)
    ΓêÜ App.data.priorPolicyTerm=6 Month ΓåÆ ezPriorPolicyTerm (15 ms)
    ΓêÜ App.data.liabilityLimits=100/300 ΓåÆ ezBodilyInjury (15 ms)
    ΓêÜ App.data.pdLimit=100000 ΓåÆ ezPropertyDamage (17 ms)
    ΓêÜ App.data.compDeductible=500 ΓåÆ ezComprehensive (14 ms)
    ΓêÜ App.data.autoDeductible=500 ΓåÆ ezCollision (15 ms)
    ΓêÜ App.data.medPayments=5000 ΓåÆ ezMedPaymentsAuto (11 ms)
    ΓêÜ App.data.priorLiabilityLimits=100/300 ΓåÆ ezPriorLiabilityLimits (19 
ms)
    ΓêÜ App.data.continuousCoverage=5 ΓåÆ ezYearsContinuousCoverage (12 ms)
    ΓêÜ App.data.numOccupants=3 ΓåÆ ezNumResidents (18 ms)
    ΓêÜ App.data.residenceIs=Home (owned) ΓåÆ ezResidenceIs (12 ms)
    ΓêÜ App.data.dwellingUsage=Primary ΓåÆ ezDwellingUsage (9 ms)
    ΓêÜ App.data.occupancyType=Owner Occupied ΓåÆ ezOccupancyType (21 ms)
    ΓêÜ App.data.dwellingType=One Family ΓåÆ ezDwellingType (14 ms)
    ΓêÜ App.data.numStories=2 ΓåÆ ezNumStories (19 ms)
    ΓêÜ App.data.constructionStyle=Ranch ΓåÆ ezConstructionStyle (15 ms)
    ΓêÜ App.data.exteriorWalls=Siding, Vinyl ΓåÆ ezExteriorWalls (19 ms)
    ΓêÜ App.data.foundation=Crawl Space - Enclosed ΓåÆ ezFoundationType (14 ms)
    ΓêÜ App.data.roofType=Architectural Shingles ΓåÆ ezRoofType (18 ms)
    ΓêÜ App.data.roofShape=Gable ΓåÆ ezRoofDesign (17 ms)
    ΓêÜ App.data.heatingType=Gas - Forced Air ΓåÆ ezHeatingType (16 ms)
    ΓêÜ App.data.cooling=Central Air ΓåÆ ezCooling (14 ms)
    ΓêÜ App.data.burglarAlarm=None ΓåÆ ezBurglarAlarm (24 ms)
    ΓêÜ App.data.fireAlarm=Local ΓåÆ ezFireDetection (24 ms)
    ΓêÜ App.data.sprinklers=None ΓåÆ ezSprinklerSystem (13 ms)
    ΓêÜ App.data.protectionClass=4 ΓåÆ ezProtectionClass (11 ms)
    ΓêÜ App.data.smokeDetector=Local ΓåÆ ezSmokeDetector (32 ms)
    ΓêÜ App.data.fireHydrantFeet=1-500 ΓåÆ ezFeetFromHydrant (15 ms)
    ΓêÜ App.data.fullBaths=2 ΓåÆ ezNumFullBaths (11 ms)
    ΓêÜ App.data.halfBaths=1 ΓåÆ ezNumHalfBaths (21 ms)
    ΓêÜ App.data.numOccupants=3 ΓåÆ ezNumOccupants (19 ms)
    ΓêÜ App.data.garageType=Attached ΓåÆ ezGarageType (15 ms)
    ΓêÜ App.data.garageSpaces=2 ΓåÆ ezGarageSpaces (13 ms)
    ΓêÜ App.data.numFireplaces=1 ΓåÆ ezNumFireplaces (14 ms)
    ΓêÜ App.data.pool=No ΓåÆ ezPool (12 ms)
    ΓêÜ App.data.trampoline=No ΓåÆ ezTrampoline (11 ms)
    ΓêÜ App.data.homePolicyType=HO3 ΓåÆ ezHomePolicyType (20 ms)
    ΓêÜ App.data.homePriorPolicyTerm=12 Month ΓåÆ ezHomePriorPolicyTerm (25 ms)
    ΓêÜ App.data.homePriorYears=4 ΓåÆ ezHomePriorYears (22 ms)
    ΓêÜ App.data.personalLiability=300000 ΓåÆ ezHomePersonalLiability (16 ms)
    ΓêÜ App.data.medicalPayments=5000 ΓåÆ ezHomeMedicalPayments (13 ms)
    ΓêÜ App.data.homeDeductible=1000 ΓåÆ ezAllPerilsDeductible (12 ms)
    ΓêÜ App.data.theftDeductible=1000 ΓåÆ ezTheftDeductible (15 ms)
    ΓêÜ App.data.windDeductible=2500 ΓåÆ ezWindDeductible (15 ms)
  EZLynx Pipeline ΓÇö ┬º13 full end-to-end
    ΓêÜ full client data ΓåÆ complete output with all sections (37 ms)
    ΓêÜ field count ΓëÑ75 scalar fields (28 ms)

PASS tests/intake-assist.test.js (155.305 s)
  IntakeAssist Module
    Core
      ΓêÜ IntakeAssist exists on window (3934 ms)
      ΓêÜ has init() method (3508 ms)
      ΓêÜ has sendMessage() method (4163 ms)
      ΓêÜ has clearChat() method (3203 ms)
      ΓêÜ has populateForm() method (3455 ms)
      ΓêÜ has exportSnapshot() method (3225 ms)
      ΓêÜ has switchTab() method (3453 ms)
      ΓêÜ has quickStart() method (3421 ms)
      ΓêÜ has chipSend() method (3312 ms)
      ΓêÜ has scanHazards() method (3102 ms)
      ΓêÜ has _editField() method (2955 ms)
      ΓêÜ has _copySnapshot() method (3053 ms)
      ΓêÜ init() runs without throwing (3230 ms)
      ΓêÜ init() renders welcome message (3711 ms)
      ΓêÜ init() wires keydown on iaInput (3400 ms)
    HTML Structure
      ΓêÜ iaDocInput exists (Phase 3) (3405 ms)
      ΓêÜ iaDocBtn exists (Phase 3) (2673 ms)
      ΓêÜ iaMarketIntelCard exists (Phase 1) (3357 ms)
      ΓêÜ iaInsuranceTrendCard exists (Phase 4) (2124 ms)
      ΓêÜ iaCopyBtn exists (Phase 6b) (3002 ms)
      ΓêÜ Market intel card is hidden by default (2199 ms)
      ΓêÜ Insurance trend card is hidden by default (2283 ms)
      ΓêÜ Market intel card has sidebar-card-body (1820 ms)
      ΓêÜ Insurance trend card has ia-section-body (1845 ms)
      ΓêÜ Insurance trend card starts collapsed (1423 ms)
      ΓêÜ iaDocInput accepts PDF and images (1313 ms)
      ΓêÜ iaDocInput is hidden (1264 ms)
    Phase 1: Market Intelligence
      ΓêÜ market intel card has correct header (1524 ms)
      ΓêÜ SVG sparkline builder returns valid SVG (4130 ms)
    Phase 2: Satellite Hazards
      ΓêÜ scanHazards is a callable function (3608 ms)
    Phase 3: Document Upload
      ΓêÜ doc upload button triggers file input click (2436 ms)
      ΓêÜ iaDocInput is type=file (1971 ms)
    Phase 5: System Prompt
      ΓêÜ system prompt used in chat contains address auto-detect instruction 
(1581 ms)
    Phase 6a: Inline Field Edit
      ΓêÜ _editField is exposed on public API (1662 ms)
      ΓêÜ _editField does not throw for missing field (1541 ms)
    Phase 6b: Copy Snapshot
      ΓêÜ _copySnapshot is exposed on public API (1818 ms)
      ΓêÜ _copySnapshot does not throw with no data (1805 ms)
      ΓêÜ copy button has correct class (1846 ms)
    Phase 6c: Progress Ring
      ΓêÜ progress arc exists (1506 ms)
      ΓêÜ progress percent label exists (1314 ms)
      ΓêÜ progress ring default stroke-dashoffset is 94.2 (2751 ms)
    Phase 6d: Tab Badge
      ΓêÜ tab badge element exists (1314 ms)
      ΓêÜ tab badge default shows 0% (1464 ms)
    Mobile Tabs
      ΓêÜ switchTab sets data-active-tab attribute (1381 ms)
      ΓêÜ switchTab to chat sets correct attribute (1254 ms)
      ΓêÜ switchTab activates correct tab button (1299 ms)
    clearChat
      ΓêÜ clearChat resets the chat area (1249 ms)
      ΓêÜ clearChat hides sidebar header (1316 ms)
      ΓêÜ clearChat shows empty state (1267 ms)
      ΓêÜ clearChat resets progress arc (1245 ms)
      ΓêÜ clearChat hides market intel card (2419 ms)
      ΓêÜ clearChat hides insurance trend card (3502 ms)
      ΓêÜ clearChat hides map panel (3532 ms)
      ΓêÜ clearChat hides vehicle panel (3651 ms)
    quickStart
      ΓêÜ quickStart auto-sends the message (clears input after sending) (3757 
ms)
      ΓêÜ quickStart appends user message to chat (3290 ms)
    populateForm
      ΓêÜ populateForm with no data shows toast (3227 ms)
    Storage
      ΓêÜ uses altech_intake_assist storage key (2789 ms)
      ΓêÜ clearChat clears storage data (1257 ms)
    exportSnapshot
      ΓêÜ exportSnapshot does not throw with no data (3106 ms)
    openFullMap
      ΓêÜ openFullMap is a function (1538 ms)
      ΓêÜ openFullMap does not throw with no address (1197 ms)
  IntakeAssist CSS
    ΓêÜ uses ia- prefix for classes (1 ms)
    ΓêÜ does not use --card variable directly
    ΓêÜ does not use --accent variable (1 ms)
    ΓêÜ does not use --muted variable
    ΓêÜ does not use --text-primary variable
    ΓêÜ does not use [data-theme] selector
    ΓêÜ dark mode uses body.dark-mode selector
    ΓêÜ hazard badge styles exist
    ΓêÜ appreciation badge styles exist
    ΓêÜ sparkline styles exist
    ΓêÜ insurance trend styles exist (1 ms)
    ΓêÜ field edit input styles exist
    ΓêÜ field edit button styles exist
    ΓêÜ copy button styles exist
    ΓêÜ doc upload button styles exist (1 ms)
    ΓêÜ focus-visible states present
    ΓêÜ prefers-reduced-motion override present
    ΓêÜ market disclaimer styles exist
    ΓêÜ insurance carrier note styles exist
    ΓêÜ hazard badge colors: orange, red, green (1 ms)
  IntakeAssist HTML
    ΓêÜ contains market intel card
    ΓêÜ contains insurance trend card
    ΓêÜ contains doc upload input
    ΓêÜ contains doc upload button
    ΓêÜ contains copy button
    ΓêÜ market intel header says Market Intelligence
    ΓêÜ insurance trends header says Insurance Trends
  IntakeAssist JS
    ΓêÜ module uses IIFE pattern
    ΓêÜ uses STORAGE_KEY constant (1 ms)
    ΓêÜ has _buildSystemPrompt function (Phase 5)
    ΓêÜ system prompt contains address auto-detect instruction
    ΓêÜ system prompt contains carrier recognition
    ΓêÜ system prompt contains risk-aware follow-up
    ΓêÜ system prompt contains completion recap
    ΓêÜ has _fetchMarketIntel function (Phase 1) (1 ms)
    ΓêÜ has _renderMarketIntelCard function (Phase 1)
    ΓêÜ has _buildSVGSparkline function (Phase 1)
    ΓêÜ has _scanSatelliteHazards function (Phase 2)
    ΓêÜ has _renderHazardBadges function (Phase 2)
    ΓêÜ has _wireDocUpload function (Phase 3) (3 ms)
    ΓêÜ has _handleDocUpload function (Phase 3)
    ΓêÜ has _optimizeImageFile function (Phase 3) (1 ms)
    ΓêÜ has _fileToBase64 function (Phase 3)
    ΓêÜ 20MB file size limit check exists (Phase 3)
    ΓêÜ has _fetchInsuranceTrends function (Phase 4)
    ΓêÜ has _renderInsuranceTrendCard function (Phase 4)
    ΓêÜ has _editField function (Phase 6a) (1 ms)
    ΓêÜ has _copySnapshot function (Phase 6b)
    ΓêÜ progress ring color logic exists (Phase 6c)
    ΓêÜ section completion count functions exist (Phase 6d)
    ΓêÜ does not use alert() (2 ms)
    ΓêÜ does not write to localStorage directly (1 ms)
    ΓêÜ all FileReader uses have onerror handlers (1 ms)
    ΓêÜ API calls use Auth.apiFetch pattern
    ΓêÜ API calls pass aiSettings
    ΓêÜ canvas cleanup after image optimization (1 ms)
    ΓêÜ escapes HTML for XSS prevention

A worker process has failed to exit gracefully and has been force exited. This 
is likely caused by tests leaking due to improper teardown. Try running with 
--detectOpenHandles to find leaks. Active timers can also cause this, ensure 
that .unref() was called on them.
Test Suites: 18 passed, 18 total
Tests:       1164 passed, 1164 total
Snapshots:   0 total
Time:        156.637 s
Ran all test suites.
